This is pdfTeX, Version 3.141592653-2.6-1.40.22 (TeX Live 2022/dev/Debian) (preloaded format=pdflatex 2026.3.6)  4 JUN 2026 16:01
entering extended mode
 \write18 enabled.
 %&-line parsing enabled.
**aufg7.tex
(./aufg7.tex
LaTeX2e <2021-11-15> patch level 1
L3 programming layer <2022-01-21>
! Undefined control sequence.
l.1 \section
            {SQL-Injection}
The control sequence at the end of the top line
of your error message was never \def'ed. If you have
misspelled it (e.g., `\hobx'), type `I' and the correct
spelling (e.g., `I\hbox'). Otherwise just continue,
and I'll forget about whatever was undefined.


! LaTeX Error: Missing \begin{document}.

See the LaTeX manual or LaTeX Companion for explanation.
Type  H <return>  for immediate help.
 ...                                              
                                                  
l.1 \section{S
              QL-Injection}
You're in trouble here.  Try typing  <return>  to proceed.
If that doesn't work, type  X <return>  to quit.

Missing character: There is no S in font nullfont!
Missing character: There is no Q in font nullfont!
Missing character: There is no L in font nullfont!
Missing character: There is no - in font nullfont!
Missing character: There is no I in font nullfont!
Missing character: There is no n in font nullfont!
Missing character: There is no j in font nullfont!
Missing character: There is no e in font nullfont!
Missing character: There is no c in font nullfont!
Missing character: There is no t in font nullfont!
Missing character: There is no i in font nullfont!
Missing character: There is no o in font nullfont!
Missing character: There is no n in font nullfont!

Overfull \hbox (20.0pt too wide) in paragraph at lines 1--4
[]
 []


Overfull \hbox (34.0109pt too wide) in paragraph at lines 1--4
\OT1/cmr/m/it/10 Machen
 []


Overfull \hbox (13.2888pt too wide) in paragraph at lines 1--4
\OT1/cmr/m/it/10 Sie
 []


Overfull \hbox (16.86656pt too wide) in paragraph at lines 1--4
\OT1/cmr/m/it/10 sich
 []


Overfull \hbox (14.56657pt too wide) in paragraph at lines 1--4
\OT1/cmr/m/it/10 mit
 []


Overfull \hbox (17.37767pt too wide) in paragraph at lines 1--4
\OT1/cmr/m/it/10 Spi-
 []


Overfull \hbox (16.99432pt too wide) in paragraph at lines 1--4
\OT1/cmr/m/it/10 der,
 []


Overfull \hbox (25.09427pt too wide) in paragraph at lines 1--4
\OT1/cmr/m/it/10 Proxy
 []


Overfull \hbox (14.96098pt too wide) in paragraph at lines 1--4
\OT1/cmr/m/it/10 Re-
 []


Overfull \hbox (25.93866pt too wide) in paragraph at lines 1--4
\OT1/cmr/m/it/10 peater
 []


Overfull \hbox (16.09991pt too wide) in paragraph at lines 1--4
\OT1/cmr/m/it/10 und
 []


Overfull \hbox (13.05547pt too wide) in paragraph at lines 1--4
\OT1/cmr/m/it/10 In-
 []


Overfull \hbox (26.83313pt too wide) in paragraph at lines 1--4
\OT1/cmr/m/it/10 truder
 []


Overfull \hbox (13.92767pt too wide) in paragraph at lines 1--4
\OT1/cmr/m/it/10 der
 []


Overfull \hbox (21.7332pt too wide) in paragraph at lines 1--4
\OT1/cmr/m/it/10 Burp
 []


Overfull \hbox (21.97763pt too wide) in paragraph at lines 1--4
\OT1/cmr/m/it/10 Suite
 []


Overfull \hbox (16.9943pt too wide) in paragraph at lines 1--4
\OT1/cmr/m/it/10 ver-
 []


Overfull \hbox (23.89426pt too wide) in paragraph at lines 1--4
\OT1/cmr/m/it/10 traut.
 []


Overfull \hbox (26.20537pt too wide) in paragraph at lines 1--4
\OT1/cmr/m/it/10 Doku-
 []


Overfull \hbox (21.97763pt too wide) in paragraph at lines 1--4
\OT1/cmr/m/it/10 men-
 []


Overfull \hbox (24.91646pt too wide) in paragraph at lines 1--4
\OT1/cmr/m/it/10 tieren
 []


Overfull \hbox (13.2888pt too wide) in paragraph at lines 1--4
\OT1/cmr/m/it/10 Sie
 []


Overfull \hbox (13.18324pt too wide) in paragraph at lines 1--4
\OT1/cmr/m/it/10 Ihr
 []


Overfull \hbox (28.26088pt too wide) in paragraph at lines 1--4
\OT1/cmr/m/it/10 Vorge-
 []


Overfull \hbox (18.39989pt too wide) in paragraph at lines 1--4
\OT1/cmr/m/it/10 hen!
 []


Overfull \hbox (13.2888pt too wide) in paragraph at lines 1--4
\OT1/cmr/m/it/10 Sie
 []


Overfull \hbox (31.17758pt too wide) in paragraph at lines 1--4
\OT1/cmr/m/it/10 k^^?onnen
 []


Overfull \hbox (11.75545pt too wide) in paragraph at lines 1--4
\OT1/cmr/m/it/10 bei
 []


Overfull \hbox (25.68315pt too wide) in paragraph at lines 1--4
\OT1/cmr/m/it/10 dieser
 []


Overfull \hbox (19.18875pt too wide) in paragraph at lines 1--4
\OT1/cmr/m/it/10 Auf-
 []


Overfull \hbox (18.39984pt too wide) in paragraph at lines 1--4
\OT1/cmr/m/it/10 gabe
 []


Overfull \hbox (12.64992pt too wide) in paragraph at lines 1--4
\OT1/cmr/m/it/10 f^^?ur
 []


Overfull \hbox (23.51096pt too wide) in paragraph at lines 1--4
\OT1/cmr/m/it/10 einen
 []


Overfull \hbox (39.86641pt too wide) in paragraph at lines 1--4
\OT1/cmr/m/it/10 schnellen
 []


Overfull \hbox (39.76079pt too wide) in paragraph at lines 1--4
[]\OT1/cmr/m/it/10 Uberblick
 []


Overfull \hbox (18.27206pt too wide) in paragraph at lines 1--4
\OT1/cmr/m/it/10 ^^?uber
 []


Overfull \hbox (14.31104pt too wide) in paragraph at lines 1--4
\OT1/cmr/m/it/10 das
 []


Overfull \hbox (18.14432pt too wide) in paragraph at lines 1--4
\OT1/cmr/m/it/10 Sys-
 []


Overfull \hbox (16.09988pt too wide) in paragraph at lines 1--4
\OT1/cmr/m/it/10 tem
 []


Overfull \hbox (20.18877pt too wide) in paragraph at lines 1--4
\OT1/cmr/m/it/10 auch
 []


Overfull \hbox (15.33324pt too wide) in paragraph at lines 1--4
\OT1/cmr/m/it/10 den
 []


Overfull \hbox (15.3332pt too wide) in paragraph at lines 1--4
\OT1/cmr/m/it/10 Zed
 []


Overfull \hbox (14.07765pt too wide) in paragraph at lines 1--4
\OT1/cmr/m/it/10 At-
 []


Overfull \hbox (17.6332pt too wide) in paragraph at lines 1--4
\OT1/cmr/m/it/10 tack
 []


Overfull \hbox (25.09427pt too wide) in paragraph at lines 1--4
\OT1/cmr/m/it/10 Proxy
 []


Overfull \hbox (16.9943pt too wide) in paragraph at lines 1--4
\OT1/cmr/m/it/10 ver-
 []


Overfull \hbox (20.4443pt too wide) in paragraph at lines 1--4
\OT1/cmr/m/it/10 wen-
 []


Overfull \hbox (18.39989pt too wide) in paragraph at lines 1--4
\OT1/cmr/m/it/10 den.
 []


Overfull \hbox (10.87216pt too wide) in paragraph at lines 1--4
\OT1/cmr/m/it/10 Es
 []


Overfull \hbox (11.75548pt too wide) in paragraph at lines 1--4
\OT1/cmr/m/it/10 sei
 []


Overfull \hbox (18.01651pt too wide) in paragraph at lines 1--4
\OT1/cmr/m/it/10 aber
 []


Overfull \hbox (15.3332pt too wide) in paragraph at lines 1--4
\OT1/cmr/m/it/10 gle-
 []


Overfull \hbox (12.7777pt too wide) in paragraph at lines 1--4
\OT1/cmr/m/it/10 ich
 []


Overfull \hbox (23.1276pt too wide) in paragraph at lines 1--4
\OT1/cmr/m/it/10 vorab
 []


Overfull \hbox (23.51094pt too wide) in paragraph at lines 1--4
\OT1/cmr/m/it/10 ange-
 []


Overfull \hbox (27.98312pt too wide) in paragraph at lines 1--4
\OT1/cmr/m/it/10 merkt,
 []


Overfull \hbox (18.3999pt too wide) in paragraph at lines 1--4
\OT1/cmr/m/it/10 dass
 []


Overfull \hbox (13.2888pt too wide) in paragraph at lines 1--4
\OT1/cmr/m/it/10 Sie
 []


Overfull \hbox (24.78874pt too wide) in paragraph at lines 1--4
\OT1/cmr/m/it/10 damit
 []


Overfull \hbox (21.72208pt too wide) in paragraph at lines 1--4
\OT1/cmr/m/it/10 nicht
 []


Overfull \hbox (15.33324pt too wide) in paragraph at lines 1--4
\OT1/cmr/m/it/10 alle
 []


Overfull \hbox (19.18875pt too wide) in paragraph at lines 1--4
\OT1/cmr/m/it/10 Auf-
 []


Overfull \hbox (24.02203pt too wide) in paragraph at lines 1--4
\OT1/cmr/m/it/10 gaben
 []


Overfull \hbox (21.97765pt too wide) in paragraph at lines 1--4
\OT1/cmr/m/it/10 l^^?osen
 []


Overfull \hbox (31.17758pt too wide) in paragraph at lines 1--4
\OT1/cmr/m/it/10 k^^?onnen
 []


Overfull \hbox (19.03874pt too wide) in paragraph at lines 1--4
\OT1/cmr/m/it/10 wer-
 []


Overfull \hbox (18.39989pt too wide) in paragraph at lines 1--4
\OT1/cmr/m/it/10 den,
 []


Overfull \hbox (11.24435pt too wide) in paragraph at lines 1--4
\OT1/cmr/m/it/10 je-
 []


Overfull \hbox (18.91098pt too wide) in paragraph at lines 1--4
\OT1/cmr/m/it/10 den-
 []


Overfull \hbox (17.8888pt too wide) in paragraph at lines 1--4
\OT1/cmr/m/it/10 falls
 []


Overfull \hbox (21.72208pt too wide) in paragraph at lines 1--4
\OT1/cmr/m/it/10 nicht
 []


Overfull \hbox (20.44432pt too wide) in paragraph at lines 1--4
\OT1/cmr/m/it/10 ohne
 []


Overfull \hbox (15.33324pt too wide) in paragraph at lines 1--4
\OT1/cmr/m/it/10 den
 []


Overfull \hbox (25.09427pt too wide) in paragraph at lines 1--4
\OT1/cmr/m/it/10 Proxy
 []


Overfull \hbox (55.58292pt too wide) in paragraph at lines 1--4
\OT1/cmr/m/it/10 entsprechend
 []


Overfull \hbox (23.76653pt too wide) in paragraph at lines 1--4
\OT1/cmr/m/it/10 anzu-
 []


Overfull \hbox (31.17758pt too wide) in paragraph at lines 1--4
\OT1/cmr/m/it/10 passen.
 []


Overfull \hbox (16.111pt too wide) in paragraph at lines 1--4
\OT1/cmr/m/it/10 F^^?ur
 []


Overfull \hbox (21.46652pt too wide) in paragraph at lines 1--4
\OT1/cmr/m/it/10 diese
 []


Overfull \hbox (19.18875pt too wide) in paragraph at lines 1--4
\OT1/cmr/m/it/10 Auf-
 []


Overfull \hbox (18.39984pt too wide) in paragraph at lines 1--4
\OT1/cmr/m/it/10 gabe
 []


Overfull \hbox (24.53316pt too wide) in paragraph at lines 1--4
\OT1/cmr/m/it/10 haben
 []


Overfull \hbox (13.2888pt too wide) in paragraph at lines 1--4
\OT1/cmr/m/it/10 Sie
 []


Overfull \hbox (20.18877pt too wide) in paragraph at lines 1--4
\OT1/cmr/m/it/10 auch
 []


Overfull \hbox (13.2888pt too wide) in paragraph at lines 1--4
\OT1/cmr/m/it/10 ein
 []


Overfull \hbox (27.34427pt too wide) in paragraph at lines 1--4
\OT1/cmr/m/it/10 neues,
 []


Overfull \hbox (49.833pt too wide) in paragraph at lines 1--4
\OT1/cmr/m/it/10 angepasstes
 []


Overfull \hbox (18.42212pt too wide) in paragraph at lines 1--4
\OT1/cmr/m/it/10 Kali
 []


Overfull \hbox (12.39433pt too wide) in paragraph at lines 1--4
\OT1/cmr/m/it/10 er-
 []


Overfull \hbox (16.35545pt too wide) in paragraph at lines 1--4
\OT1/cmr/m/it/10 hal-
 []


Overfull \hbox (16.611pt too wide) in paragraph at lines 1--4
\OT1/cmr/m/it/10 ten,
 []


Overfull \hbox (15.84436pt too wide) in paragraph at lines 1--4
\OT1/cmr/m/it/10 was
 []


Overfull \hbox (15.33324pt too wide) in paragraph at lines 1--4
\OT1/cmr/m/it/10 alle
 []


Overfull \hbox (40.63303pt too wide) in paragraph at lines 1--4
\OT1/cmr/m/it/10 ben^^?otigen
 []


Overfull \hbox (22.7443pt too wide) in paragraph at lines 1--4
\OT1/cmr/m/it/10 Tools
 []


Overfull \hbox (29.64424pt too wide) in paragraph at lines 1--4
\OT1/cmr/m/it/10 enth^^?alt
 []


Overfull \hbox (27.50539pt too wide) in paragraph at lines 1--4
\OT1/cmr/m/it/10 (ZAP,
 []


Overfull \hbox (32.71092pt too wide) in paragraph at lines 1--4
\OT1/cmr/m/it/10 sqlmap,
 []


Overfull \hbox (21.21095pt too wide) in paragraph at lines 1--4
\OT1/cmr/m/it/10 weit-
 []


Overfull \hbox (12.90543pt too wide) in paragraph at lines 1--4
\OT1/cmr/m/it/10 ere
 []


Overfull \hbox (29.89981pt too wide) in paragraph at lines 1--4
\OT1/cmr/m/it/10 Tools). 
 []

! Undefined control sequence.
l.5 \subsection
               {Zum warm werden}
The control sequence at the end of the top line
of your error message was never \def'ed. If you have
misspelled it (e.g., `\hobx'), type `I' and the correct
spelling (e.g., `I\hbox'). Otherwise just continue,
and I'll forget about whatever was undefined.


! LaTeX Error: Missing \begin{document}.

See the LaTeX manual or LaTeX Companion for explanation.
Type  H <return>  for immediate help.
 ...                                              
                                                  
l.5 \subsection{Z
                 um warm werden}
You're in trouble here.  Try typing  <return>  to proceed.
If that doesn't work, type  X <return>  to quit.

Missing character: There is no Z in font nullfont!
Missing character: There is no u in font nullfont!
Missing character: There is no m in font nullfont!
Missing character: There is no w in font nullfont!
Missing character: There is no a in font nullfont!
Missing character: There is no r in font nullfont!
Missing character: There is no m in font nullfont!
Missing character: There is no w in font nullfont!
Missing character: There is no e in font nullfont!
Missing character: There is no r in font nullfont!
Missing character: There is no d in font nullfont!
Missing character: There is no e in font nullfont!
Missing character: There is no n in font nullfont!

Overfull \hbox (20.0pt too wide) in paragraph at lines 5--7
[]
 []


Overfull \hbox (30.43314pt too wide) in paragraph at lines 5--7
\OT1/cmr/m/it/10 Nutzen
 []


Overfull \hbox (13.2888pt too wide) in paragraph at lines 5--7
\OT1/cmr/m/it/10 Sie
 []


Overfull \hbox (12.7777pt too wide) in paragraph at lines 5--7
\OT1/cmr/m/it/10 die
 []


Overfull \hbox (21.7332pt too wide) in paragraph at lines 5--7
\OT1/cmr/m/it/10 Burp
 []


Overfull \hbox (25.04428pt too wide) in paragraph at lines 5--7
\OT1/cmr/m/it/10 Suite,
 []


Overfull \hbox (13.54437pt too wide) in paragraph at lines 5--7
\OT1/cmr/m/it/10 um
 []


Overfull \hbox (17.88876pt too wide) in paragraph at lines 5--7
\OT1/cmr/m/it/10 eine
 []


Overfull \hbox (19.56099pt too wide) in paragraph at lines 5--7
\OT1/cmr/m/it/10 SQL
 []


Overfull \hbox (13.05547pt too wide) in paragraph at lines 5--7
\OT1/cmr/m/it/10 In-
 []


Overfull \hbox (15.33319pt too wide) in paragraph at lines 5--7
\OT1/cmr/m/it/10 jec-
 []


Overfull \hbox (17.12212pt too wide) in paragraph at lines 5--7
\OT1/cmr/m/it/10 tion
 []


Overfull \hbox (23.51091pt too wide) in paragraph at lines 5--7
\OT1/cmr/m/it/10 gegen
 []


Overfull \hbox (15.33324pt too wide) in paragraph at lines 5--7
\OT1/cmr/m/it/10 den
 []


Overfull \hbox (15.611pt too wide) in paragraph at lines 5--7
\OT1/cmr/m/it/10 Ad-
 []


Overfull \hbox (16.86658pt too wide) in paragraph at lines 5--7
\OT1/cmr/m/it/10 min
 []


Overfull \hbox (14.44987pt too wide) in paragraph at lines 5--7
\OT1/cmr/m/it/10 Lo-
 []


Overfull \hbox (13.2888pt too wide) in paragraph at lines 5--7
\OT1/cmr/m/it/10 gin
 []


Overfull \hbox (15.33324pt too wide) in paragraph at lines 5--7
\OT1/cmr/m/it/10 von
 []


Overfull \hbox (17.911pt too wide) in paragraph at lines 5--7
\OT1/cmr/m/it/10 Mu-
 []


Overfull \hbox (12.52213pt too wide) in paragraph at lines 5--7
\OT1/cmr/m/it/10 til-
 []


Overfull \hbox (6.6444pt too wide) in paragraph at lines 5--7
\OT1/cmr/m/it/10 i-
 []


Overfull \hbox (19.93321pt too wide) in paragraph at lines 5--7
\OT1/cmr/m/it/10 dae2
 []


Overfull \hbox (63.88846pt too wide) in paragraph at lines 5--7
\OT1/cmr/m/it/10 durchzuf^^?uhren.
 []


Overfull \hbox (28.12201pt too wide) in paragraph at lines 5--7
\OT1/cmr/m/it/10 Dieser
 []


Overfull \hbox (27.85533pt too wide) in paragraph at lines 5--7
\OT1/cmr/m/it/10 Server
 []


Overfull \hbox (11.75548pt too wide) in paragraph at lines 5--7
\OT1/cmr/m/it/10 di-
 []


Overfull \hbox (13.54434pt too wide) in paragraph at lines 5--7
\OT1/cmr/m/it/10 ent
 []


Overfull \hbox (18.01651pt too wide) in paragraph at lines 5--7
\OT1/cmr/m/it/10 aber
 []


Overfull \hbox (15.20546pt too wide) in paragraph at lines 5--7
\OT1/cmr/m/it/10 nur
 []


Overfull \hbox (11.7555pt too wide) in paragraph at lines 5--7
\OT1/cmr/m/it/10 als
 []


Overfull \hbox (46.02193pt too wide) in paragraph at lines 5--7
[]\OT1/cmr/m/it/10 Ubungsziel
 []


Overfull \hbox (16.09991pt too wide) in paragraph at lines 5--7
\OT1/cmr/m/it/10 und
 []


Overfull \hbox (10.4777pt too wide) in paragraph at lines 5--7
\OT1/cmr/m/it/10 ist
 []


Overfull \hbox (24.78873pt too wide) in paragraph at lines 5--7
\OT1/cmr/m/it/10 nicht,
 []


Overfull \hbox (15.84436pt too wide) in paragraph at lines 5--7
\OT1/cmr/m/it/10 was
 []


Overfull \hbox (13.2888pt too wide) in paragraph at lines 5--7
\OT1/cmr/m/it/10 Sie
 []


Overfull \hbox (9.19994pt too wide) in paragraph at lines 5--7
\OT1/cmr/m/it/10 fi-
 []


Overfull \hbox (13.28882pt too wide) in paragraph at lines 5--7
\OT1/cmr/m/it/10 nal
 []


Overfull \hbox (14.31102pt too wide) in paragraph at lines 5--7
\OT1/cmr/m/it/10 an-
 []


Overfull \hbox (29.26088pt too wide) in paragraph at lines 5--7
\OT1/cmr/m/it/10 greifen
 []


Overfull \hbox (28.11095pt too wide) in paragraph at lines 5--7
\OT1/cmr/m/it/10 sollen. 
 []


Underfull \vbox (badness 4341) has occurred while \output is active []



! LaTeX Error: The font size command \normalsize is not defined:
               there is probably something wrong with the class file.

See the LaTeX manual or LaTeX Companion for explanation.
Type  H <return>  for immediate help.
 ...                                              
                                                  
l.7 
    
Your command was ignored.
Type  I <command> <return>  to replace it with another command,
or  <return>  to continue without it.

[1{/var/lib/texmf/fonts/map/pdftex/updmap/pdftex.map}]

! LaTeX Error: Missing \begin{document}.

See the LaTeX manual or LaTeX Companion for explanation.
Type  H <return>  for immediate help.
 ...                                              
                                                  
l.8 ...ervers auf diesen Angriff zu überprüfen.}
                                                  
You're in trouble here.  Try typing  <return>  to proceed.
If that doesn't work, type  X <return>  to quit.


Overfull \hbox (29.47772pt too wide) in paragraph at lines 8--9
[]\OT1/cmr/m/it/10 In
 []


Overfull \hbox (22.2554pt too wide) in paragraph at lines 8--9
\OT1/cmr/m/it/10 Moo-
 []


Overfull \hbox (12.7777pt too wide) in paragraph at lines 8--9
\OT1/cmr/m/it/10 dle
 []


Overfull \hbox (26.57762pt too wide) in paragraph at lines 8--9
\OT1/cmr/m/it/10 finden
 []


Overfull \hbox (13.2888pt too wide) in paragraph at lines 8--9
\OT1/cmr/m/it/10 Sie
 []


Overfull \hbox (19.67767pt too wide) in paragraph at lines 8--9
\OT1/cmr/m/it/10 dazu
 []


Overfull \hbox (12.7777pt too wide) in paragraph at lines 8--9
\OT1/cmr/m/it/10 die
 []


Overfull \hbox (23.64983pt too wide) in paragraph at lines 8--9
\OT1/cmr/m/it/10 Datei
 []


Overfull \hbox (13.05547pt too wide) in paragraph at lines 8--9
\OT1/cmr/m/it/10 In-
 []


Overfull \hbox (15.33319pt too wide) in paragraph at lines 8--9
\OT1/cmr/m/it/10 jec-
 []


Overfull \hbox (24.27763pt too wide) in paragraph at lines 8--9
\OT1/cmr/m/it/10 tions,
 []


Overfull \hbox (13.54437pt too wide) in paragraph at lines 8--9
\OT1/cmr/m/it/10 um
 []


Overfull \hbox (18.14432pt too wide) in paragraph at lines 8--9
\OT1/cmr/m/it/10 mit-
 []


Overfull \hbox (14.56656pt too wide) in paragraph at lines 8--9
\OT1/cmr/m/it/10 tels
 []


Overfull \hbox (13.05547pt too wide) in paragraph at lines 8--9
\OT1/cmr/m/it/10 In-
 []


Overfull \hbox (26.83313pt too wide) in paragraph at lines 8--9
\OT1/cmr/m/it/10 truder
 []


Overfull \hbox (12.7777pt too wide) in paragraph at lines 8--9
\OT1/cmr/m/it/10 die
 []


Overfull \hbox (60.07736pt too wide) in paragraph at lines 8--9
\OT1/cmr/m/it/10 Anf^^?alligkeiten
 []


Overfull \hbox (13.79991pt too wide) in paragraph at lines 8--9
\OT1/cmr/m/it/10 des
 []


Overfull \hbox (31.9442pt too wide) in paragraph at lines 8--9
\OT1/cmr/m/it/10 Servers
 []


Overfull \hbox (13.54437pt too wide) in paragraph at lines 8--9
\OT1/cmr/m/it/10 auf
 []


Overfull \hbox (27.08871pt too wide) in paragraph at lines 8--9
\OT1/cmr/m/it/10 diesen
 []


Overfull \hbox (16.37766pt too wide) in paragraph at lines 8--9
\OT1/cmr/m/it/10 An-
 []


Overfull \hbox (18.01653pt too wide) in paragraph at lines 8--9
\OT1/cmr/m/it/10 griff
 []


Overfull \hbox (9.4555pt too wide) in paragraph at lines 8--9
\OT1/cmr/m/it/10 zu
 []


Overfull \hbox (49.32187pt too wide) in paragraph at lines 8--9
\OT1/cmr/m/it/10 ^^?uberpr^^?ufen. 
 []


! LaTeX Error: Missing \begin{document}.

See the LaTeX manual or LaTeX Companion for explanation.
Type  H <return>  for immediate help.
 ...                                              
                                                  
l.10 \textbf{TBD}
                  %TODO: Julian
You're in trouble here.  Try typing  <return>  to proceed.
If that doesn't work, type  X <return>  to quit.


Overfull \hbox (44.99986pt too wide) in paragraph at lines 10--11
[]\OT1/cmr/bx/n/10 TBD 
 []

! Undefined control sequence.
l.12 \subsection
                {Angriff gegen reales Szenario}
The control sequence at the end of the top line
of your error message was never \def'ed. If you have
misspelled it (e.g., `\hobx'), type `I' and the correct
spelling (e.g., `I\hbox'). Otherwise just continue,
and I'll forget about whatever was undefined.


! LaTeX Error: Missing \begin{document}.

See the LaTeX manual or LaTeX Companion for explanation.
Type  H <return>  for immediate help.
 ...                                              
                                                  
l.12 \subsection{A
                  ngriff gegen reales Szenario}
You're in trouble here.  Try typing  <return>  to proceed.
If that doesn't work, type  X <return>  to quit.

Missing character: There is no A in font nullfont!
Missing character: There is no n in font nullfont!
Missing character: There is no g in font nullfont!
Missing character: There is no r in font nullfont!
Missing character: There is no i in font nullfont!
Missing character: There is no f in font nullfont!
Missing character: There is no f in font nullfont!
Missing character: There is no g in font nullfont!
Missing character: There is no e in font nullfont!
Missing character: There is no g in font nullfont!
Missing character: There is no e in font nullfont!
Missing character: There is no n in font nullfont!
Missing character: There is no r in font nullfont!
Missing character: There is no e in font nullfont!
Missing character: There is no a in font nullfont!
Missing character: There is no l in font nullfont!
Missing character: There is no e in font nullfont!
Missing character: There is no s in font nullfont!
Missing character: There is no S in font nullfont!
Missing character: There is no z in font nullfont!
Missing character: There is no e in font nullfont!
Missing character: There is no n in font nullfont!
Missing character: There is no a in font nullfont!
Missing character: There is no r in font nullfont!
Missing character: There is no i in font nullfont!
Missing character: There is no o in font nullfont!

Overfull \hbox (20.0pt too wide) in paragraph at lines 12--14
[]
 []


Overfull \hbox (29.64426pt too wide) in paragraph at lines 12--14
[]\OT1/cmr/m/it/10 Offnen
 []


Overfull \hbox (13.2888pt too wide) in paragraph at lines 12--14
\OT1/cmr/m/it/10 Sie
 []


Overfull \hbox (12.7777pt too wide) in paragraph at lines 12--14
\OT1/cmr/m/it/10 die
 []


Overfull \hbox (22.7665pt too wide) in paragraph at lines 12--14
\OT1/cmr/m/it/10 Web-
 []


Overfull \hbox (19.67763pt too wide) in paragraph at lines 12--14
\OT1/cmr/m/it/10 seite
 []


Overfull \hbox (23.12761pt too wide) in paragraph at lines 12--14
\OT1/cmr/m/it/10 unter
 []


Overfull \hbox (63.37744pt too wide) in paragraph at lines 12--14
\OT1/cmr/m/it/10 192.168.1.161.
 []


Overfull \hbox (14.70546pt too wide) in paragraph at lines 12--14
\OT1/cmr/m/it/10 Bei
 []


Overfull \hbox (29.64426pt too wide) in paragraph at lines 12--14
\OT1/cmr/m/it/10 diesem
 []


Overfull \hbox (37.43866pt too wide) in paragraph at lines 12--14
\OT1/cmr/m/it/10 Szenario
 []


Overfull \hbox (10.4777pt too wide) in paragraph at lines 12--14
\OT1/cmr/m/it/10 ist
 []


Overfull \hbox (8.68883pt too wide) in paragraph at lines 12--14
\OT1/cmr/m/it/10 es
 []


Overfull \hbox (16.86653pt too wide) in paragraph at lines 12--14
\OT1/cmr/m/it/10 ges-
 []


Overfull \hbox (15.3332pt too wide) in paragraph at lines 12--14
\OT1/cmr/m/it/10 tat-
 []


Overfull \hbox (11.24434pt too wide) in paragraph at lines 12--14
\OT1/cmr/m/it/10 tet
 []


Overfull \hbox (14.05547pt too wide) in paragraph at lines 12--14
\OT1/cmr/m/it/10 au-
 []


Overfull \hbox (25.29984pt too wide) in paragraph at lines 12--14
\OT1/cmr/m/it/10 toma-
 []


Overfull \hbox (14.05545pt too wide) in paragraph at lines 12--14
\OT1/cmr/m/it/10 tis-
 []


Overfull \hbox (14.311pt too wide) in paragraph at lines 12--14
\OT1/cmr/m/it/10 che
 []


Overfull \hbox (22.7443pt too wide) in paragraph at lines 12--14
\OT1/cmr/m/it/10 Tools
 []


Overfull \hbox (14.31102pt too wide) in paragraph at lines 12--14
\OT1/cmr/m/it/10 wie
 []


Overfull \hbox (29.64427pt too wide) in paragraph at lines 12--14
\OT1/cmr/m/it/10 sqlmap
 []


Overfull \hbox (16.09991pt too wide) in paragraph at lines 12--14
\OT1/cmr/m/it/10 und
 []


Overfull \hbox (20.34987pt too wide) in paragraph at lines 12--14
\OT1/cmr/m/it/10 ZAP
 []


Overfull \hbox (9.4555pt too wide) in paragraph at lines 12--14
\OT1/cmr/m/it/10 zu
 []


Overfull \hbox (16.9943pt too wide) in paragraph at lines 12--14
\OT1/cmr/m/it/10 ver-
 []


Overfull \hbox (20.4443pt too wide) in paragraph at lines 12--14
\OT1/cmr/m/it/10 wen-
 []


Overfull \hbox (18.39989pt too wide) in paragraph at lines 12--14
\OT1/cmr/m/it/10 den.
 []


Overfull \hbox (28.62201pt too wide) in paragraph at lines 12--14
\OT1/cmr/m/it/10 Testen
 []


Overfull \hbox (13.2888pt too wide) in paragraph at lines 12--14
\OT1/cmr/m/it/10 Sie
 []


Overfull \hbox (18.01651pt too wide) in paragraph at lines 12--14
\OT1/cmr/m/it/10 aber
 []


Overfull \hbox (18.2721pt too wide) in paragraph at lines 12--14
\OT1/cmr/m/it/10 dur-
 []


Overfull \hbox (24.27763pt too wide) in paragraph at lines 12--14
\OT1/cmr/m/it/10 chaus
 []


Overfull \hbox (20.18877pt too wide) in paragraph at lines 12--14
\OT1/cmr/m/it/10 auch
 []


Overfull \hbox (34.4998pt too wide) in paragraph at lines 12--14
\OT1/cmr/m/it/10 manuell
 []


Overfull \hbox (16.09991pt too wide) in paragraph at lines 12--14
\OT1/cmr/m/it/10 und
 []


Overfull \hbox (16.9943pt too wide) in paragraph at lines 12--14
\OT1/cmr/m/it/10 ver-
 []


Overfull \hbox (15.3332pt too wide) in paragraph at lines 12--14
\OT1/cmr/m/it/10 gle-
 []


Overfull \hbox (22.99985pt too wide) in paragraph at lines 12--14
\OT1/cmr/m/it/10 ichen
 []


Overfull \hbox (13.2888pt too wide) in paragraph at lines 12--14
\OT1/cmr/m/it/10 Sie
 []


Overfull \hbox (16.4832pt too wide) in paragraph at lines 12--14
\OT1/cmr/m/it/10 ihre
 []


Overfull \hbox (27.86642pt too wide) in paragraph at lines 12--14
\OT1/cmr/m/it/10 Ergeb-
 []


Overfull \hbox (21.46654pt too wide) in paragraph at lines 12--14
\OT1/cmr/m/it/10 nisse
 []


Overfull \hbox (15.33324pt too wide) in paragraph at lines 12--14
\OT1/cmr/m/it/10 von
 []


Overfull \hbox (14.56657pt too wide) in paragraph at lines 12--14
\OT1/cmr/m/it/10 mit
 []


Overfull \hbox (13.28879pt too wide) in paragraph at lines 12--14
\OT1/cmr/m/it/10 de-
 []


Overfull \hbox (15.84435pt too wide) in paragraph at lines 12--14
\OT1/cmr/m/it/10 nen
 []


Overfull \hbox (13.92767pt too wide) in paragraph at lines 12--14
\OT1/cmr/m/it/10 der
 []


Overfull \hbox (14.05547pt too wide) in paragraph at lines 12--14
\OT1/cmr/m/it/10 au-
 []


Overfull \hbox (25.29984pt too wide) in paragraph at lines 12--14
\OT1/cmr/m/it/10 toma-
 []


Overfull \hbox (14.05545pt too wide) in paragraph at lines 12--14
\OT1/cmr/m/it/10 tis-
 []


Overfull \hbox (19.9332pt too wide) in paragraph at lines 12--14
\OT1/cmr/m/it/10 chen
 []


Overfull \hbox (25.81094pt too wide) in paragraph at lines 12--14
\OT1/cmr/m/it/10 Tools. 
 []


! LaTeX Error: Missing \begin{document}.

See the LaTeX manual or LaTeX Companion for explanation.
Type  H <return>  for immediate help.
 ...                                              
                                                  
l.15 \textbf{TBD}
                  %TODO: Julian
You're in trouble here.  Try typing  <return>  to proceed.
If that doesn't work, type  X <return>  to quit.


Overfull \hbox (44.99986pt too wide) in paragraph at lines 15--16
[]\OT1/cmr/bx/n/10 TBD 
 []

! Undefined control sequence.
l.17 \subsection
                {Blind Injection}
The control sequence at the end of the top line
of your error message was never \def'ed. If you have
misspelled it (e.g., `\hobx'), type `I' and the correct
spelling (e.g., `I\hbox'). Otherwise just continue,
and I'll forget about whatever was undefined.


! LaTeX Error: Missing \begin{document}.

See the LaTeX manual or LaTeX Companion for explanation.
Type  H <return>  for immediate help.
 ...                                              
                                                  
l.17 \subsection{B
                  lind Injection}
You're in trouble here.  Try typing  <return>  to proceed.
If that doesn't work, type  X <return>  to quit.

Missing character: There is no B in font nullfont!
Missing character: There is no l in font nullfont!
Missing character: There is no i in font nullfont!
Missing character: There is no n in font nullfont!
Missing character: There is no d in font nullfont!
Missing character: There is no I in font nullfont!
Missing character: There is no n in font nullfont!
Missing character: There is no j in font nullfont!
Missing character: There is no e in font nullfont!
Missing character: There is no c in font nullfont!
Missing character: There is no t in font nullfont!
Missing character: There is no i in font nullfont!
Missing character: There is no o in font nullfont!
Missing character: There is no n in font nullfont!

Overfull \hbox (20.0pt too wide) in paragraph at lines 17--19
[]
 []


Overfull \hbox (16.7499pt too wide) in paragraph at lines 17--19
\OT1/cmr/m/it/10 Das
 []


Overfull \hbox (12.26659pt too wide) in paragraph at lines 17--19
\OT1/cmr/m/it/10 in-
 []


Overfull \hbox (31.43314pt too wide) in paragraph at lines 17--19
\OT1/cmr/m/it/10 haltlich
 []


Overfull \hbox (15.3332pt too wide) in paragraph at lines 17--19
\OT1/cmr/m/it/10 gle-
 []


Overfull \hbox (17.37766pt too wide) in paragraph at lines 17--19
\OT1/cmr/m/it/10 iche
 []


Overfull \hbox (18.79431pt too wide) in paragraph at lines 17--19
\OT1/cmr/m/it/10 Blog
 []


Overfull \hbox (13.54436pt too wide) in paragraph at lines 17--19
\OT1/cmr/m/it/10 hat
 []


Overfull \hbox (12.7777pt too wide) in paragraph at lines 17--19
\OT1/cmr/m/it/10 die
 []


Overfull \hbox (40.12192pt too wide) in paragraph at lines 17--19
\OT1/cmr/m/it/10 vorherige
 []


Overfull \hbox (40.37752pt too wide) in paragraph at lines 17--19
\OT1/cmr/m/it/10 Schwach-
 []


Overfull \hbox (22.23317pt too wide) in paragraph at lines 17--19
\OT1/cmr/m/it/10 stelle
 []


Overfull \hbox (49.06635pt too wide) in paragraph at lines 17--19
\OT1/cmr/m/it/10 geschlossen
 []


Overfull \hbox (16.09991pt too wide) in paragraph at lines 17--19
\OT1/cmr/m/it/10 und
 []


Overfull \hbox (12.7777pt too wide) in paragraph at lines 17--19
\OT1/cmr/m/it/10 die
 []


Overfull \hbox (10.63882pt too wide) in paragraph at lines 17--19
\OT1/cmr/m/it/10 IP
 []


Overfull \hbox (33.22195pt too wide) in paragraph at lines 17--19
\OT1/cmr/m/it/10 gewech-
 []


Overfull \hbox (14.56656pt too wide) in paragraph at lines 17--19
\OT1/cmr/m/it/10 selt
 []


Overfull \hbox (71.55518pt too wide) in paragraph at lines 17--19
\OT1/cmr/m/it/10 (192.168.1.162).
 []


Overfull \hbox (30.5498pt too wide) in paragraph at lines 17--19
\OT1/cmr/m/it/10 Finden
 []


Overfull \hbox (13.2888pt too wide) in paragraph at lines 17--19
\OT1/cmr/m/it/10 Sie
 []


Overfull \hbox (18.91098pt too wide) in paragraph at lines 17--19
\OT1/cmr/m/it/10 den-
 []


Overfull \hbox (19.9332pt too wide) in paragraph at lines 17--19
\OT1/cmr/m/it/10 noch
 []


Overfull \hbox (23.51096pt too wide) in paragraph at lines 17--19
\OT1/cmr/m/it/10 einen
 []


Overfull \hbox (18.67763pt too wide) in paragraph at lines 17--19
\OT1/cmr/m/it/10 Weg
 []


Overfull \hbox (16.86656pt too wide) in paragraph at lines 17--19
\OT1/cmr/m/it/10 sich
 []


Overfull \hbox (23.51097pt too wide) in paragraph at lines 17--19
\OT1/cmr/m/it/10 bspw.
 []


Overfull \hbox (15.33324pt too wide) in paragraph at lines 17--19
\OT1/cmr/m/it/10 den
 []


Overfull \hbox (25.32207pt too wide) in paragraph at lines 17--19
\OT1/cmr/m/it/10 Hash-
 []


Overfull \hbox (10.22215pt too wide) in paragraph at lines 17--19
\OT1/cmr/m/it/10 w-
 []


Overfull \hbox (12.13878pt too wide) in paragraph at lines 17--19
\OT1/cmr/m/it/10 ert
 []


Overfull \hbox (13.79991pt too wide) in paragraph at lines 17--19
\OT1/cmr/m/it/10 des
 []


Overfull \hbox (45.61636pt too wide) in paragraph at lines 17--19
\OT1/cmr/m/it/10 mysql.user
 []


Overfull \hbox (16.73874pt too wide) in paragraph at lines 17--19
\OT1/cmr/m/it/10 root
 []


Overfull \hbox (15.09987pt too wide) in paragraph at lines 17--19
\OT1/cmr/m/it/10 Ac-
 []


Overfull \hbox (27.59981pt too wide) in paragraph at lines 17--19
\OT1/cmr/m/it/10 counts
 []


Overfull \hbox (16.09991pt too wide) in paragraph at lines 17--19
\OT1/cmr/m/it/10 und
 []


Overfull \hbox (15.33324pt too wide) in paragraph at lines 17--19
\OT1/cmr/m/it/10 den
 []


Overfull \hbox (13.79991pt too wide) in paragraph at lines 17--19
\OT1/cmr/m/it/10 des
 []


Overfull \hbox (15.611pt too wide) in paragraph at lines 17--19
\OT1/cmr/m/it/10 Ad-
 []


Overfull \hbox (20.95544pt too wide) in paragraph at lines 17--19
\OT1/cmr/m/it/10 mins
 []


Overfull \hbox (13.92767pt too wide) in paragraph at lines 17--19
\OT1/cmr/m/it/10 der
 []


Overfull \hbox (22.7665pt too wide) in paragraph at lines 17--19
\OT1/cmr/m/it/10 Web-
 []


Overfull \hbox (19.67763pt too wide) in paragraph at lines 17--19
\OT1/cmr/m/it/10 seite
 []


Overfull \hbox (9.4555pt too wide) in paragraph at lines 17--19
\OT1/cmr/m/it/10 zu
 []


Overfull \hbox (20.4443pt too wide) in paragraph at lines 17--19
\OT1/cmr/m/it/10 sich-
 []


Overfull \hbox (19.54987pt too wide) in paragraph at lines 17--19
\OT1/cmr/m/it/10 ern?
 []


Overfull \hbox (28.26091pt too wide) in paragraph at lines 17--19
\OT1/cmr/m/it/10 Vorab:
 []


Overfull \hbox (8.68883pt too wide) in paragraph at lines 17--19
\OT1/cmr/m/it/10 es
 []


Overfull \hbox (19.4221pt too wide) in paragraph at lines 17--19
\OT1/cmr/m/it/10 han-
 []


Overfull \hbox (15.58878pt too wide) in paragraph at lines 17--19
\OT1/cmr/m/it/10 delt
 []


Overfull \hbox (16.86656pt too wide) in paragraph at lines 17--19
\OT1/cmr/m/it/10 sich
 []


Overfull \hbox (16.99432pt too wide) in paragraph at lines 17--19
\OT1/cmr/m/it/10 hier
 []


Overfull \hbox (13.54437pt too wide) in paragraph at lines 17--19
\OT1/cmr/m/it/10 um
 []


Overfull \hbox (17.88876pt too wide) in paragraph at lines 17--19
\OT1/cmr/m/it/10 eine
 []


Overfull \hbox (23.39432pt too wide) in paragraph at lines 17--19
\OT1/cmr/m/it/10 Blind
 []


Overfull \hbox (13.05547pt too wide) in paragraph at lines 17--19
\OT1/cmr/m/it/10 In-
 []


Overfull \hbox (15.33319pt too wide) in paragraph at lines 17--19
\OT1/cmr/m/it/10 jec-
 []


Overfull \hbox (20.18877pt too wide) in paragraph at lines 17--19
\OT1/cmr/m/it/10 tion,
 []


Overfull \hbox (12.39433pt too wide) in paragraph at lines 17--19
\OT1/cmr/m/it/10 er-
 []


Overfull \hbox (29.51646pt too wide) in paragraph at lines 17--19
\OT1/cmr/m/it/10 warten
 []


Overfull \hbox (13.2888pt too wide) in paragraph at lines 17--19
\OT1/cmr/m/it/10 Sie
 []


Overfull \hbox (16.86658pt too wide) in paragraph at lines 17--19
\OT1/cmr/m/it/10 also
 []


Overfull \hbox (22.48872pt too wide) in paragraph at lines 17--19
\OT1/cmr/m/it/10 keine
 []


Overfull \hbox (11.75548pt too wide) in paragraph at lines 17--19
\OT1/cmr/m/it/10 di-
 []


Overfull \hbox (20.82758pt too wide) in paragraph at lines 17--19
\OT1/cmr/m/it/10 rekte
 []


Overfull \hbox (40.2608pt too wide) in paragraph at lines 17--19
\OT1/cmr/m/it/10 R^^?uckgabe
 []


Overfull \hbox (15.33324pt too wide) in paragraph at lines 17--19
\OT1/cmr/m/it/10 von
 []


Overfull \hbox (32.34976pt too wide) in paragraph at lines 17--19
\OT1/cmr/m/it/10 Werten
 []


Overfull \hbox (13.54437pt too wide) in paragraph at lines 17--19
\OT1/cmr/m/it/10 auf
 []


Overfull \hbox (13.92767pt too wide) in paragraph at lines 17--19
\OT1/cmr/m/it/10 der
 []


Overfull \hbox (22.7665pt too wide) in paragraph at lines 17--19
\OT1/cmr/m/it/10 Web-
 []


Overfull \hbox (22.74428pt too wide) in paragraph at lines 17--19
\OT1/cmr/m/it/10 seite.
 []


Overfull \hbox (22.2554pt too wide) in paragraph at lines 17--19
\OT1/cmr/m/it/10 Auch
 []


Overfull \hbox (34.49977pt too wide) in paragraph at lines 17--19
\OT1/cmr/m/it/10 k^^?onnten
 []


Overfull \hbox (14.05547pt too wide) in paragraph at lines 17--19
\OT1/cmr/m/it/10 au-
 []


Overfull \hbox (25.29984pt too wide) in paragraph at lines 17--19
\OT1/cmr/m/it/10 toma-
 []


Overfull \hbox (14.05545pt too wide) in paragraph at lines 17--19
\OT1/cmr/m/it/10 tis-
 []


Overfull \hbox (14.311pt too wide) in paragraph at lines 17--19
\OT1/cmr/m/it/10 che
 []


Overfull \hbox (22.7443pt too wide) in paragraph at lines 17--19
\OT1/cmr/m/it/10 Tools
 []


Overfull \hbox (16.99432pt too wide) in paragraph at lines 17--19
\OT1/cmr/m/it/10 hier
 []


Overfull \hbox (23.77759pt too wide) in paragraph at lines 17--19
\OT1/cmr/m/it/10 Prob-
 []


Overfull \hbox (19.9332pt too wide) in paragraph at lines 17--19
\OT1/cmr/m/it/10 leme
 []


Overfull \hbox (30.15532pt too wide) in paragraph at lines 17--19
\OT1/cmr/m/it/10 bekom-
 []


Overfull \hbox (21.46654pt too wide) in paragraph at lines 17--19
\OT1/cmr/m/it/10 men.
 []


Overfull \hbox (41.8052pt too wide) in paragraph at lines 17--19
[]\OT1/cmr/m/it/10 Uberlegen
 []


Overfull \hbox (16.35545pt too wide) in paragraph at lines 17--19
\OT1/cmr/m/it/10 Sie,
 []


Overfull \hbox (11.7555pt too wide) in paragraph at lines 17--19
\OT1/cmr/m/it/10 wo
 []


Overfull \hbox (23.39432pt too wide) in paragraph at lines 17--19
\OT1/cmr/m/it/10 Blind
 []


Overfull \hbox (13.05547pt too wide) in paragraph at lines 17--19
\OT1/cmr/m/it/10 In-
 []


Overfull \hbox (15.33319pt too wide) in paragraph at lines 17--19
\OT1/cmr/m/it/10 jec-
 []


Overfull \hbox (21.21098pt too wide) in paragraph at lines 17--19
\OT1/cmr/m/it/10 tions
 []


Overfull \hbox (13.54437pt too wide) in paragraph at lines 17--19
\OT1/cmr/m/it/10 auf
 []


Overfull \hbox (13.92767pt too wide) in paragraph at lines 17--19
\OT1/cmr/m/it/10 der
 []


Overfull \hbox (22.7665pt too wide) in paragraph at lines 17--19
\OT1/cmr/m/it/10 Web-
 []


Overfull \hbox (19.67763pt too wide) in paragraph at lines 17--19
\OT1/cmr/m/it/10 seite
 []


Overfull \hbox (35.3942pt too wide) in paragraph at lines 17--19
\OT1/cmr/m/it/10 vorkom-
 []


Overfull \hbox (18.39989pt too wide) in paragraph at lines 17--19
\OT1/cmr/m/it/10 men
 []


Overfull \hbox (37.56642pt too wide) in paragraph at lines 17--19
\OT1/cmr/m/it/10 k^^?onnten,
 []


Overfull \hbox (13.54437pt too wide) in paragraph at lines 17--19
\OT1/cmr/m/it/10 auf
 []


Overfull \hbox (15.72768pt too wide) in paragraph at lines 17--19
\OT1/cmr/m/it/10 Ba-
 []


Overfull \hbox (14.31104pt too wide) in paragraph at lines 17--19
\OT1/cmr/m/it/10 sis,
 []


Overfull \hbox (14.31102pt too wide) in paragraph at lines 17--19
\OT1/cmr/m/it/10 wie
 []


Overfull \hbox (16.9943pt too wide) in paragraph at lines 17--19
\OT1/cmr/m/it/10 ver-
 []


Overfull \hbox (20.4443pt too wide) in paragraph at lines 17--19
\OT1/cmr/m/it/10 mut-
 []


Overfull \hbox (15.33324pt too wide) in paragraph at lines 17--19
\OT1/cmr/m/it/10 lich
 []


Overfull \hbox (11.24438pt too wide) in paragraph at lines 17--19
\OT1/cmr/m/it/10 im
 []


Overfull \hbox (19.69987pt too wide) in paragraph at lines 17--19
\OT1/cmr/m/it/10 Hin-
 []


Overfull \hbox (15.71652pt too wide) in paragraph at lines 17--19
\OT1/cmr/m/it/10 ter-
 []


Overfull \hbox (24.9165pt too wide) in paragraph at lines 17--19
\OT1/cmr/m/it/10 grund
 []


Overfull \hbox (12.7777pt too wide) in paragraph at lines 17--19
\OT1/cmr/m/it/10 die
 []


Overfull \hbox (32.86084pt too wide) in paragraph at lines 17--19
\OT1/cmr/m/it/10 Abfrage
 []


Overfull \hbox (18.14433pt too wide) in paragraph at lines 17--19
\OT1/cmr/m/it/10 aus-
 []


Overfull \hbox (30.28311pt too wide) in paragraph at lines 17--19
\OT1/cmr/m/it/10 gef^^?uhrt
 []


Overfull \hbox (21.5943pt too wide) in paragraph at lines 17--19
\OT1/cmr/m/it/10 wird,
 []


Overfull \hbox (13.54437pt too wide) in paragraph at lines 17--19
\OT1/cmr/m/it/10 um
 []


Overfull \hbox (12.7777pt too wide) in paragraph at lines 17--19
\OT1/cmr/m/it/10 die
 []


Overfull \hbox (28.38869pt too wide) in paragraph at lines 17--19
\OT1/cmr/m/it/10 Menge
 []


Overfull \hbox (13.92767pt too wide) in paragraph at lines 17--19
\OT1/cmr/m/it/10 der
 []


Overfull \hbox (9.4555pt too wide) in paragraph at lines 17--19
\OT1/cmr/m/it/10 zu
 []


Overfull \hbox (43.31639pt too wide) in paragraph at lines 17--19
\OT1/cmr/m/it/10 pr^^?ufenden
 []


Overfull \hbox (18.66652pt too wide) in paragraph at lines 17--19
\OT1/cmr/m/it/10 For-
 []


Overfull \hbox (17.12212pt too wide) in paragraph at lines 17--19
\OT1/cmr/m/it/10 mu-
 []


Overfull \hbox (15.97209pt too wide) in paragraph at lines 17--19
\OT1/cmr/m/it/10 lare
 []


Overfull \hbox (16.09991pt too wide) in paragraph at lines 17--19
\OT1/cmr/m/it/10 und
 []


Overfull \hbox (27.23866pt too wide) in paragraph at lines 17--19
\OT1/cmr/m/it/10 Abfra-
 []


Overfull \hbox (14.82211pt too wide) in paragraph at lines 17--19
\OT1/cmr/m/it/10 gen
 []


Overfull \hbox (26.32205pt too wide) in paragraph at lines 17--19
\OT1/cmr/m/it/10 einzu-
 []


Overfull \hbox (22.10536pt too wide) in paragraph at lines 17--19
\OT1/cmr/m/it/10 gren-
 []


Overfull \hbox (17.37767pt too wide) in paragraph at lines 17--19
\OT1/cmr/m/it/10 zen.
 []


Overfull \hbox (17.7721pt too wide) in paragraph at lines 17--19
\OT1/cmr/m/it/10 Den
 []


Overfull \hbox (19.18875pt too wide) in paragraph at lines 17--19
\OT1/cmr/m/it/10 Auf-
 []


Overfull \hbox (14.56656pt too wide) in paragraph at lines 17--19
\OT1/cmr/m/it/10 bau
 []


Overfull \hbox (13.92767pt too wide) in paragraph at lines 17--19
\OT1/cmr/m/it/10 der
 []


Overfull \hbox (29.78311pt too wide) in paragraph at lines 17--19
\OT1/cmr/m/it/10 Daten-
 []


Overfull \hbox (19.42207pt too wide) in paragraph at lines 17--19
\OT1/cmr/m/it/10 bank
 []


Overfull \hbox (18.39989pt too wide) in paragraph at lines 17--19
\OT1/cmr/m/it/10 soll-
 []


Overfull \hbox (13.54434pt too wide) in paragraph at lines 17--19
\OT1/cmr/m/it/10 ten
 []


Overfull \hbox (13.2888pt too wide) in paragraph at lines 17--19
\OT1/cmr/m/it/10 Sie
 []


Overfull \hbox (8.17773pt too wide) in paragraph at lines 17--19
\OT1/cmr/m/it/10 ja
 []


Overfull \hbox (14.56659pt too wide) in paragraph at lines 17--19
\OT1/cmr/m/it/10 aus
 []


Overfull \hbox (13.92767pt too wide) in paragraph at lines 17--19
\OT1/cmr/m/it/10 der
 []


Overfull \hbox (34.49974pt too wide) in paragraph at lines 17--19
\OT1/cmr/m/it/10 vorheri-
 []


Overfull \hbox (14.82211pt too wide) in paragraph at lines 17--19
\OT1/cmr/m/it/10 gen
 []


Overfull \hbox (33.73311pt too wide) in paragraph at lines 17--19
\OT1/cmr/m/it/10 Teilauf-
 []


Overfull \hbox (18.39984pt too wide) in paragraph at lines 17--19
\OT1/cmr/m/it/10 gabe
 []


Overfull \hbox (46.25525pt too wide) in paragraph at lines 17--19
\OT1/cmr/m/it/10 mitgenom-
 []


Overfull \hbox (18.39989pt too wide) in paragraph at lines 17--19
\OT1/cmr/m/it/10 men
 []


Overfull \hbox (27.59981pt too wide) in paragraph at lines 17--19
\OT1/cmr/m/it/10 haben. 
 []


! LaTeX Error: Missing \begin{document}.

See the LaTeX manual or LaTeX Companion for explanation.
Type  H <return>  for immediate help.
 ...                                              
                                                  
l.20 \textbf{TBD}
                  %TODO: Julian
You're in trouble here.  Try typing  <return>  to proceed.
If that doesn't work, type  X <return>  to quit.

)
! Emergency stop.
<*> aufg7.tex
             
*** (job aborted, no legal \end found)

 
Here is how much of TeX's memory you used:
 28 strings out of 480121
 495 string characters out of 5892161
 291775 words of memory out of 5000000
 18091 multiletter control sequences out of 15000+600000
 469913 words of font info for 30 fonts, out of 8000000 for 9000
 59 hyphenation exceptions out of 8191
 24i,5n,25p,769b,105s stack positions out of 5000i,500n,10000p,200000b,80000s
!  ==> Fatal error occurred, no output PDF file produced!
